i3-DevStack Installation Log - Sun Oct 19 01:32:19 AM EAT 2025
:: Synchronizing package databases...
 core downloading...
 extra downloading...
 chaotic-aur downloading...
:: Starting full system upgrade...
 there is nothing to do
Installing latest LTS version.
v22.20.0 is already installed.
Now using node v22.20.0 (npm v10.9.3)
resolving dependencies...
looking for conflicting packages...

Packages (6) python-attrs-25.4.0-1  python-cffi-2.0.0-1  python-cryptography-46.0.2-1  python-filelock-3.20.0-1  python-pycparser-2.23-1  python-pip-25.2-1

Total Download Size:    4.50 MiB
Total Installed Size:  23.83 MiB

:: Proceed with installation? [Y/n] 
:: Retrieving packages...
 python-pip-25.2-1-any downloading...
 python-cryptography-46.0.2-1-x86_64 downloading...
 python-cffi-2.0.0-1-x86_64 downloading...
 python-pycparser-2.23-1-any downloading...
 python-attrs-25.4.0-1-any downloading...
 python-filelock-3.20.0-1-any downloading...
checking keyring...
checking package integrity...
loading package files...
checking for file conflicts...
checking available disk space...
:: Processing package changes...
installing python-attrs...
installing python-pycparser...
installing python-cffi...
Optional dependencies for python-cffi
    python-setuptools: "limited api" version checking in cffi.setuptools_ext [installed]
installing python-cryptography...
installing python-filelock...
installing python-pip...
:: Running post-transaction hooks...
(1/1) Arming ConditionNeedsUpdate...
resolving dependencies...
looking for conflicting packages...

Packages (2) python-distlib-0.4.0-1  python-virtualenv-20.35.3-1

Total Download Size:   4.59 MiB
Total Installed Size:  8.21 MiB

:: Proceed with installation? [Y/n] 
:: Retrieving packages...
 python-virtualenv-20.35.3-1-any downloading...
 python-distlib-0.4.0-1-any downloading...
checking keyring...
checking package integrity...
loading package files...
checking for file conflicts...
checking available disk space...
:: Processing package changes...
installing python-distlib...
installing python-virtualenv...
:: Running post-transaction hooks...
(1/1) Arming ConditionNeedsUpdate...
resolving dependencies...
looking for conflicting packages...

Packages (3) python-certifi-2025.10.05-1  python-virtualenv-clone-0.5.7-6  python-pipenv-2025.0.4-1

Total Download Size:    3.89 MiB
Total Installed Size:  22.16 MiB

:: Proceed with installation? [Y/n] 
:: Retrieving packages...
 python-pipenv-2025.0.4-1-any downloading...
 python-virtualenv-clone-0.5.7-6-any downloading...
 python-certifi-2025.10.05-1-any downloading...
checking keyring...
checking package integrity...
loading package files...
checking for file conflicts...
checking available disk space...
:: Processing package changes...
installing python-certifi...
installing python-virtualenv-clone...
installing python-pipenv...
:: Running post-transaction hooks...
(1/1) Arming ConditionNeedsUpdate...
Created symlink '/etc/systemd/system/multi-user.target.wants/docker.service' → '/usr/lib/systemd/system/docker.service'.
Created symlink '/etc/systemd/system/multi-user.target.wants/containerd.service' → '/usr/lib/systemd/system/containerd.service'.
Sync Explicit (1): lazydocker-0.24.1-2
resolving dependencies...
looking for conflicting packages...

Packages (1) lazydocker-0.24.1-2

Total Download Size:    4.01 MiB
Total Installed Size:  12.82 MiB

:: Proceed with installation? [Y/n] 
:: Retrieving packages...
 lazydocker-0.24.1-2-x86_64 downloading...
checking keyring...
checking package integrity...
loading package files...
checking for file conflicts...
checking available disk space...
:: Processing package changes...
installing lazydocker...
:: Running post-transaction hooks...
(1/1) Arming ConditionNeedsUpdate...
resolving dependencies...
looking for conflicting packages...

Packages (1) starship-1.23.0-1

Total Download Size:    3.50 MiB
Total Installed Size:  11.04 MiB

:: Proceed with installation? [Y/n] 
:: Retrieving packages...
 starship-1.23.0-1-x86_64 downloading...
checking keyring...
checking package integrity...
loading package files...
checking for file conflicts...
checking available disk space...
:: Processing package changes...
installing starship...
Optional dependencies for starship
    ttf-font-nerd: Nerd Font Symbols preset [installed]
:: Running post-transaction hooks...
(1/1) Arming ConditionNeedsUpdate...
resolving dependencies...
looking for conflicting packages...

Packages (1) zoxide-0.9.8-2

Total Download Size:   0.43 MiB
Total Installed Size:  1.13 MiB

:: Proceed with installation? [Y/n] 
:: Retrieving packages...
 zoxide-0.9.8-2-x86_64 downloading...
checking keyring...
checking package integrity...
loading package files...
checking for file conflicts...
checking available disk space...
:: Processing package changes...
installing zoxide...
Optional dependencies for zoxide
    fzf: for interactive selection [installed]
:: Running post-transaction hooks...
(1/1) Arming ConditionNeedsUpdate...
Password: 
Changing shell for zero.
Shell changed.
Cloning into '/home/zero/.i3wm-dotfiles'...
